ffmpeg version 6.1.1-3ubuntu5 Copyright (c) 2000-2023 the FFmpeg developers
  built with gcc 13 (Ubuntu 13.2.0-23ubuntu3)
  configuration: --prefix=/usr --extra-version=3ubuntu5 --toolchain=hardened --libdir=/usr/lib/x86_64-linux-gnu --incdir=/usr/include/x86_64-linux-gnu --arch=amd64 --enable-gpl --disable-stripping --disable-omx --enable-gnutls --enable-libaom --enable-libass --enable-libbs2b --enable-libcaca --enable-libcdio --enable-libcodec2 --enable-libdav1d --enable-libflite --enable-libfontconfig --enable-libfreetype --enable-libfribidi --enable-libglslang --enable-libgme --enable-libgsm --enable-libharfbuzz --enable-libmp3lame --enable-libmysofa --enable-libopenjpeg --enable-libopenmpt --enable-libopus --enable-librubberband --enable-libshine --enable-libsnappy --enable-libsoxr --enable-libspeex --enable-libtheora --enable-libtwolame --enable-libvidstab --enable-libvorbis --enable-libvpx --enable-libwebp --enable-libx265 --enable-libxml2 --enable-libxvid --enable-libzimg --enable-openal --enable-opencl --enable-opengl --disable-sndio --enable-libvpl --disable-libmfx --enable-libdc1394 --enable-libdrm --enable-libiec61883 --enable-chromaprint --enable-frei0r --enable-ladspa --enable-libbluray --enable-libjack --enable-libpulse --enable-librabbitmq --enable-librist --enable-libsrt --enable-libssh --enable-libsvtav1 --enable-libx264 --enable-libzmq --enable-libzvbi --enable-lv2 --enable-sdl2 --enable-libplacebo --enable-librav1e --enable-pocketsphinx --enable-librsvg --enable-libjxl --enable-shared
  libavutil      58. 29.100 / 58. 29.100
  libavcodec     60. 31.102 / 60. 31.102
  libavformat    60. 16.100 / 60. 16.100
  libavdevice    60.  3.100 / 60.  3.100
  libavfilter     9. 12.100 /  9. 12.100
  libswscale      7.  5.100 /  7.  5.100
  libswresample   4. 12.100 /  4. 12.100
  libpostproc    57.  3.100 / 57.  3.100
Input #0, image2, from 'tem_replay_video_and_frames/sugar_box_ycb_dex_03/front/frames/f_%05d.png':
  Duration: 00:00:10.25, start: 0.000000, bitrate: N/A
  Stream #0:0: Video: png, rgba(pc, gbr/unknown/unknown), 1280x720, 20 fps, 20 tbr, 20 tbn
Stream mapping:
  Stream #0:0 -> #0:0 (png (native) -> h264 (libx264))
Press [q] to stop, [?] for help
[libx264 @ 0x6204d053af00] using cpu capabilities: MMX2 SSE2Fast SSSE3 SSE4.2 AVX FMA3 BMI2 AVX2 AVX512
[libx264 @ 0x6204d053af00] profile High, level 3.1, 4:2:0, 8-bit
[libx264 @ 0x6204d053af00] 264 - core 164 r3108 31e19f9 - H.264/MPEG-4 AVC codec - Copyleft 2003-2023 - http://www.videolan.org/x264.html - options: cabac=1 ref=3 deblock=1:0:0 analyse=0x3:0x113 me=hex subme=7 psy=1 psy_rd=1.00:0.00 mixed_ref=1 me_range=16 chroma_me=1 trellis=1 8x8dct=1 cqm=0 deadzone=21,11 fast_pskip=1 chroma_qp_offset=-2 threads=22 lookahead_threads=3 sliced_threads=0 nr=0 decimate=1 interlaced=0 bluray_compat=0 constrained_intra=0 bframes=3 b_pyramid=2 b_adapt=1 b_bias=0 direct=1 weightb=1 open_gop=0 weightp=2 keyint=250 keyint_min=20 scenecut=40 intra_refresh=0 rc_lookahead=40 rc=crf mbtree=1 crf=23.0 qcomp=0.60 qpmin=0 qpmax=69 qpstep=4 ip_ratio=1.40 aq=1:1.00
Output #0, mp4, to 'tem_replay_video_and_frames/sugar_box_ycb_dex_03/front/replay.mp4':
  Metadata:
    encoder         : Lavf60.16.100
  Stream #0:0: Video: h264 (avc1 / 0x31637661), yuv420p(tv, progressive), 1280x720, q=2-31, 20 fps, 10240 tbn
    Metadata:
      encoder         : Lavc60.31.102 libx264
    Side data:
      cpb: bitrate max/min/avg: 0/0/0 buffer size: 0 vbv_delay: N/A
frame=    0 fps=0.0 q=0.0 size=       0kB time=N/A bitrate=N/A speed=N/A    [out#0/mp4 @ 0x6204d0539180] video:177kB audio:0kB subtitle:0kB other streams:0kB global headers:0kB muxing overhead: 1.836507%
frame=  205 fps=0.0 q=-1.0 Lsize=     180kB time=00:00:10.10 bitrate= 145.8kbits/s speed=41.2x    
[libx264 @ 0x6204d053af00] frame I:1     Avg QP:13.87  size:  6488
[libx264 @ 0x6204d053af00] frame P:51    Avg QP:15.66  size:  1792
[libx264 @ 0x6204d053af00] frame B:153   Avg QP:17.07  size:   537
[libx264 @ 0x6204d053af00] consecutive B-frames:  0.5%  0.0%  0.0% 99.5%
[libx264 @ 0x6204d053af00] mb I  I16..4: 46.3% 48.6%  5.1%
[libx264 @ 0x6204d053af00] mb P  I16..4:  2.0%  3.3%  0.1%  P16..4:  9.6%  1.1%  0.8%  0.0%  0.0%    skip:83.0%
[libx264 @ 0x6204d053af00] mb B  I16..4:  0.1%  0.0%  0.0%  B16..8:  7.5%  0.3%  0.0%  direct: 0.3%  skip:91.8%  L0:42.0% L1:55.8% BI: 2.2%
[libx264 @ 0x6204d053af00] 8x8 transform intra:56.0% inter:83.7%
[libx264 @ 0x6204d053af00] coded y,uvDC,uvAC intra: 5.4% 9.4% 1.0% inter: 0.9% 0.7% 0.0%
[libx264 @ 0x6204d053af00] i16 v,h,dc,p: 35% 46%  3% 16%
[libx264 @ 0x6204d053af00] i8 v,h,dc,ddl,ddr,vr,hd,vl,hu: 12% 10% 75%  0%  1%  0%  1%  0%  1%
[libx264 @ 0x6204d053af00] i4 v,h,dc,ddl,ddr,vr,hd,vl,hu: 15% 28% 31%  3%  5%  3%  7%  3%  4%
[libx264 @ 0x6204d053af00] i8c dc,h,v,p: 74% 21%  4%  1%
[libx264 @ 0x6204d053af00] Weighted P-Frames: Y:0.0% UV:0.0%
[libx264 @ 0x6204d053af00] ref P L0: 66.1%  4.0% 20.8%  9.1%
[libx264 @ 0x6204d053af00] ref B L0: 79.7% 16.8%  3.5%
[libx264 @ 0x6204d053af00] ref B L1: 94.3%  5.7%
[libx264 @ 0x6204d053af00] kb/s:140.56
